file:///home/runner/work/-edge-real-estate/-edge-real-estate/node_modules/@neondatabase/serverless/index.mjs:1317
let{status:G}=ce;if(G===400){let q=await ce.json(),ge=new N(q.message);for(let J of hi)ge[J]=q[J]??void 0;
                                                      ^

NeonDbError: unterminated quoted string at or near "'One-time original-publication-window backfill completion"
    at execute (file:///home/runner/work/-edge-real-estate/-edge-real-estate/node_modules/@neondatabase/serverless/index.mjs:1317:55)
    at process.processTicksAndRejections (node:internal/process/task_queues:103:5)
    at async file:///home/runner/work/-edge-real-estate/-edge-real-estate/scripts/migrate-yad2.mjs:20:2 {
  severity: 'ERROR',
  code: '42601',
  detail: undefined,
  hint: undefined,
  position: '62',
  internalPosition: undefined,
  internalQuery: undefined,
  where: undefined,
  schema: undefined,
  table: undefined,
  column: undefined,
  dataType: undefined,
  constraint: undefined,
  file: 'scan.l',
  line: '1236',
  routine: 'scanner_yyerror',
  sourceError: undefined
}

Node.js v22.23.3
